[0.062s] DEBUG:colcon:Command line arguments: ['/usr/bin/colcon', 'build']
[0.062s] DEBUG:colcon:Parsed command line arguments: Namespace(log_base=None, log_level=None, verb_name='build', build_base='build', install_base='install', merge_install=False, symlink_install=False, test_result_base=None, continue_on_error=False, executor='parallel', parallel_workers=8, event_handlers=None, ignore_user_meta=False, metas=['./colcon.meta'], base_paths=['.'], packages_ignore=None, packages_ignore_regex=None, paths=None, packages_up_to=None, packages_up_to_regex=None, packages_above=None, packages_above_and_dependencies=None, packages_above_depth=None, packages_select_by_dep=None, packages_skip_by_dep=None, packages_skip_up_to=None, packages_select_build_failed=False, packages_skip_build_finished=False, packages_select_test_failures=False, packages_skip_test_passed=False, packages_select=None, packages_skip=None, packages_select_regex=None, packages_skip_regex=None, packages_start=None, packages_end=None, allow_overriding=[], cmake_args=None, cmake_target=None, cmake_target_skip_unavailable=False, cmake_clean_cache=False, cmake_clean_first=False, cmake_force_configure=False, ament_cmake_args=None, catkin_cmake_args=None, catkin_skip_building_tests=False, verb_parser=<colcon_defaults.argument_parser.defaults.DefaultArgumentsDecorator object at 0x7eb56054c670>, verb_extension=<colcon_core.verb.build.BuildVerb object at 0x7eb56054c0a0>, main=<bound method BuildVerb.main of <colcon_core.verb.build.BuildVerb object at 0x7eb56054c0a0>>)
[0.169s] Level 1:colcon.colcon_core.package_discovery:discover_packages(colcon_meta) check parameters
[0.169s] Level 1:colcon.colcon_core.package_discovery:discover_packages(recursive) check parameters
[0.169s] Level 1:colcon.colcon_core.package_discovery:discover_packages(ignore) check parameters
[0.169s] Level 1:colcon.colcon_core.package_discovery:discover_packages(path) check parameters
[0.169s] Level 1:colcon.colcon_core.package_discovery:discover_packages(colcon_meta) discover
[0.169s] Level 1:colcon.colcon_core.package_discovery:discover_packages(recursive) discover
[0.169s] INFO:colcon.colcon_core.package_discovery:Crawling recursively for packages in '/home/wolowizard/Morphing-Drone-sim/ROS2_ws'
[0.169s] Level 1:colcon.colcon_core.package_identification:_identify(.) by extensions ['ignore', 'ignore_ament_install']
[0.169s] Level 1:colcon.colcon_core.package_identification:_identify(.) by extension 'ignore'
[0.169s] Level 1:colcon.colcon_core.package_identification:_identify(.) by extension 'ignore_ament_install'
[0.169s] Level 1:colcon.colcon_core.package_identification:_identify(.) by extensions ['colcon_pkg']
[0.169s] Level 1:colcon.colcon_core.package_identification:_identify(.) by extension 'colcon_pkg'
[0.169s] Level 1:colcon.colcon_core.package_identification:_identify(.) by extensions ['colcon_meta']
[0.169s] Level 1:colcon.colcon_core.package_identification:_identify(.) by extension 'colcon_meta'
[0.169s] Level 1:colcon.colcon_core.package_identification:_identify(.) by extensions ['ros']
[0.169s] Level 1:colcon.colcon_core.package_identification:_identify(.) by extension 'ros'
[0.183s] Level 1:colcon.colcon_core.package_identification:_identify(.) by extensions ['cmake', 'python']
[0.183s] Level 1:colcon.colcon_core.package_identification:_identify(.) by extension 'cmake'
[0.183s] Level 1:colcon.colcon_core.package_identification:_identify(.) by extension 'python'
[0.183s] Level 1:colcon.colcon_core.package_identification:_identify(.) by extensions ['python_setup_py']
[0.183s] Level 1:colcon.colcon_core.package_identification:_identify(.) by extension 'python_setup_py'
[0.183s] Level 1:colcon.colcon_core.package_identification:_identify(build) by extensions ['ignore', 'ignore_ament_install']
[0.183s] Level 1:colcon.colcon_core.package_identification:_identify(build) by extension 'ignore'
[0.183s] Level 1:colcon.colcon_core.package_identification:_identify(build) ignored
[0.183s] Level 1:colcon.colcon_core.package_identification:_identify(install) by extensions ['ignore', 'ignore_ament_install']
[0.183s] Level 1:colcon.colcon_core.package_identification:_identify(install) by extension 'ignore'
[0.183s] Level 1:colcon.colcon_core.package_identification:_identify(install) ignored
[0.183s] Level 1:colcon.colcon_core.package_identification:_identify(log) by extensions ['ignore', 'ignore_ament_install']
[0.183s] Level 1:colcon.colcon_core.package_identification:_identify(log) by extension 'ignore'
[0.183s] Level 1:colcon.colcon_core.package_identification:_identify(log) ignored
[0.183s] Level 1:colcon.colcon_core.package_identification:_identify(src) by extensions ['ignore', 'ignore_ament_install']
[0.183s] Level 1:colcon.colcon_core.package_identification:_identify(src) by extension 'ignore'
[0.183s] Level 1:colcon.colcon_core.package_identification:_identify(src) by extension 'ignore_ament_install'
[0.183s] Level 1:colcon.colcon_core.package_identification:_identify(src) by extensions ['colcon_pkg']
[0.183s] Level 1:colcon.colcon_core.package_identification:_identify(src) by extension 'colcon_pkg'
[0.183s] Level 1:colcon.colcon_core.package_identification:_identify(src) by extensions ['colcon_meta']
[0.183s] Level 1:colcon.colcon_core.package_identification:_identify(src) by extension 'colcon_meta'
[0.183s] Level 1:colcon.colcon_core.package_identification:_identify(src) by extensions ['ros']
[0.183s] Level 1:colcon.colcon_core.package_identification:_identify(src) by extension 'ros'
[0.184s] Level 1:colcon.colcon_core.package_identification:_identify(src) by extensions ['cmake', 'python']
[0.184s] Level 1:colcon.colcon_core.package_identification:_identify(src) by extension 'cmake'
[0.184s] Level 1:colcon.colcon_core.package_identification:_identify(src) by extension 'python'
[0.184s] Level 1:colcon.colcon_core.package_identification:_identify(src) by extensions ['python_setup_py']
[0.184s] Level 1:colcon.colcon_core.package_identification:_identify(src) by extension 'python_setup_py'
[0.184s] Level 1:colcon.colcon_core.package_identification:_identify(src/__MACOSX) by extensions ['ignore', 'ignore_ament_install']
[0.184s] Level 1:colcon.colcon_core.package_identification:_identify(src/__MACOSX) by extension 'ignore'
[0.184s] Level 1:colcon.colcon_core.package_identification:_identify(src/__MACOSX) by extension 'ignore_ament_install'
[0.184s] Level 1:colcon.colcon_core.package_identification:_identify(src/__MACOSX) by extensions ['colcon_pkg']
[0.184s] Level 1:colcon.colcon_core.package_identification:_identify(src/__MACOSX) by extension 'colcon_pkg'
[0.184s] Level 1:colcon.colcon_core.package_identification:_identify(src/__MACOSX) by extensions ['colcon_meta']
[0.184s] Level 1:colcon.colcon_core.package_identification:_identify(src/__MACOSX) by extension 'colcon_meta'
[0.184s] Level 1:colcon.colcon_core.package_identification:_identify(src/__MACOSX) by extensions ['ros']
[0.184s] Level 1:colcon.colcon_core.package_identification:_identify(src/__MACOSX) by extension 'ros'
[0.184s] Level 1:colcon.colcon_core.package_identification:_identify(src/__MACOSX) by extensions ['cmake', 'python']
[0.184s] Level 1:colcon.colcon_core.package_identification:_identify(src/__MACOSX) by extension 'cmake'
[0.184s] Level 1:colcon.colcon_core.package_identification:_identify(src/__MACOSX) by extension 'python'
[0.184s] Level 1:colcon.colcon_core.package_identification:_identify(src/__MACOSX) by extensions ['python_setup_py']
[0.184s] Level 1:colcon.colcon_core.package_identification:_identify(src/__MACOSX) by extension 'python_setup_py'
[0.184s] Level 1:colcon.colcon_core.package_identification:_identify(src/__MACOSX/motor_speed_publisher_ros2) by extensions ['ignore', 'ignore_ament_install']
[0.184s] Level 1:colcon.colcon_core.package_identification:_identify(src/__MACOSX/motor_speed_publisher_ros2) by extension 'ignore'
[0.184s] Level 1:colcon.colcon_core.package_identification:_identify(src/__MACOSX/motor_speed_publisher_ros2) by extension 'ignore_ament_install'
[0.184s] Level 1:colcon.colcon_core.package_identification:_identify(src/__MACOSX/motor_speed_publisher_ros2) by extensions ['colcon_pkg']
[0.184s] Level 1:colcon.colcon_core.package_identification:_identify(src/__MACOSX/motor_speed_publisher_ros2) by extension 'colcon_pkg'
[0.184s] Level 1:colcon.colcon_core.package_identification:_identify(src/__MACOSX/motor_speed_publisher_ros2) by extensions ['colcon_meta']
[0.184s] Level 1:colcon.colcon_core.package_identification:_identify(src/__MACOSX/motor_speed_publisher_ros2) by extension 'colcon_meta'
[0.184s] Level 1:colcon.colcon_core.package_identification:_identify(src/__MACOSX/motor_speed_publisher_ros2) by extensions ['ros']
[0.184s] Level 1:colcon.colcon_core.package_identification:_identify(src/__MACOSX/motor_speed_publisher_ros2) by extension 'ros'
[0.184s] Level 1:colcon.colcon_core.package_identification:_identify(src/__MACOSX/motor_speed_publisher_ros2) by extensions ['cmake', 'python']
[0.184s] Level 1:colcon.colcon_core.package_identification:_identify(src/__MACOSX/motor_speed_publisher_ros2) by extension 'cmake'
[0.184s] Level 1:colcon.colcon_core.package_identification:_identify(src/__MACOSX/motor_speed_publisher_ros2) by extension 'python'
[0.184s] Level 1:colcon.colcon_core.package_identification:_identify(src/__MACOSX/motor_speed_publisher_ros2) by extensions ['python_setup_py']
[0.184s] Level 1:colcon.colcon_core.package_identification:_identify(src/__MACOSX/motor_speed_publisher_ros2) by extension 'python_setup_py'
[0.184s] Level 1:colcon.colcon_core.package_identification:_identify(src/__MACOSX/motor_speed_publisher_ros2/motor_speed_publisher) by extensions ['ignore', 'ignore_ament_install']
[0.184s] Level 1:colcon.colcon_core.package_identification:_identify(src/__MACOSX/motor_speed_publisher_ros2/motor_speed_publisher) by extension 'ignore'
[0.185s] Level 1:colcon.colcon_core.package_identification:_identify(src/__MACOSX/motor_speed_publisher_ros2/motor_speed_publisher) by extension 'ignore_ament_install'
[0.185s] Level 1:colcon.colcon_core.package_identification:_identify(src/__MACOSX/motor_speed_publisher_ros2/motor_speed_publisher) by extensions ['colcon_pkg']
[0.185s] Level 1:colcon.colcon_core.package_identification:_identify(src/__MACOSX/motor_speed_publisher_ros2/motor_speed_publisher) by extension 'colcon_pkg'
[0.185s] Level 1:colcon.colcon_core.package_identification:_identify(src/__MACOSX/motor_speed_publisher_ros2/motor_speed_publisher) by extensions ['colcon_meta']
[0.185s] Level 1:colcon.colcon_core.package_identification:_identify(src/__MACOSX/motor_speed_publisher_ros2/motor_speed_publisher) by extension 'colcon_meta'
[0.185s] Level 1:colcon.colcon_core.package_identification:_identify(src/__MACOSX/motor_speed_publisher_ros2/motor_speed_publisher) by extensions ['ros']
[0.185s] Level 1:colcon.colcon_core.package_identification:_identify(src/__MACOSX/motor_speed_publisher_ros2/motor_speed_publisher) by extension 'ros'
[0.185s] Level 1:colcon.colcon_core.package_identification:_identify(src/__MACOSX/motor_speed_publisher_ros2/motor_speed_publisher) by extensions ['cmake', 'python']
[0.185s] Level 1:colcon.colcon_core.package_identification:_identify(src/__MACOSX/motor_speed_publisher_ros2/motor_speed_publisher) by extension 'cmake'
[0.185s] Level 1:colcon.colcon_core.package_identification:_identify(src/__MACOSX/motor_speed_publisher_ros2/motor_speed_publisher) by extension 'python'
[0.185s] Level 1:colcon.colcon_core.package_identification:_identify(src/__MACOSX/motor_speed_publisher_ros2/motor_speed_publisher) by extensions ['python_setup_py']
[0.185s] Level 1:colcon.colcon_core.package_identification:_identify(src/__MACOSX/motor_speed_publisher_ros2/motor_speed_publisher) by extension 'python_setup_py'
[0.185s] Level 1:colcon.colcon_core.package_identification:_identify(src/morphing_description) by extensions ['ignore', 'ignore_ament_install']
[0.185s] Level 1:colcon.colcon_core.package_identification:_identify(src/morphing_description) by extension 'ignore'
[0.185s] Level 1:colcon.colcon_core.package_identification:_identify(src/morphing_description) by extension 'ignore_ament_install'
[0.185s] Level 1:colcon.colcon_core.package_identification:_identify(src/morphing_description) by extensions ['colcon_pkg']
[0.185s] Level 1:colcon.colcon_core.package_identification:_identify(src/morphing_description) by extension 'colcon_pkg'
[0.185s] Level 1:colcon.colcon_core.package_identification:_identify(src/morphing_description) by extensions ['colcon_meta']
[0.185s] Level 1:colcon.colcon_core.package_identification:_identify(src/morphing_description) by extension 'colcon_meta'
[0.185s] Level 1:colcon.colcon_core.package_identification:_identify(src/morphing_description) by extensions ['ros']
[0.185s] Level 1:colcon.colcon_core.package_identification:_identify(src/morphing_description) by extension 'ros'
[0.187s] DEBUG:colcon.colcon_core.package_identification:Package 'src/morphing_description' with type 'ros.ament_cmake' and name 'morphing_description'
[0.187s] Level 1:colcon.colcon_core.package_identification:_identify(src/motor_speeds_pub) by extensions ['ignore', 'ignore_ament_install']
[0.187s] Level 1:colcon.colcon_core.package_identification:_identify(src/motor_speeds_pub) by extension 'ignore'
[0.187s] Level 1:colcon.colcon_core.package_identification:_identify(src/motor_speeds_pub) by extension 'ignore_ament_install'
[0.187s] Level 1:colcon.colcon_core.package_identification:_identify(src/motor_speeds_pub) by extensions ['colcon_pkg']
[0.187s] Level 1:colcon.colcon_core.package_identification:_identify(src/motor_speeds_pub) by extension 'colcon_pkg'
[0.187s] Level 1:colcon.colcon_core.package_identification:_identify(src/motor_speeds_pub) by extensions ['colcon_meta']
[0.187s] Level 1:colcon.colcon_core.package_identification:_identify(src/motor_speeds_pub) by extension 'colcon_meta'
[0.187s] Level 1:colcon.colcon_core.package_identification:_identify(src/motor_speeds_pub) by extensions ['ros']
[0.187s] Level 1:colcon.colcon_core.package_identification:_identify(src/motor_speeds_pub) by extension 'ros'
[0.187s] DEBUG:colcon.colcon_core.package_identification:Package 'src/motor_speeds_pub' with type 'ros.ament_cmake' and name 'motor_speeds_pub'
[0.187s] Level 1:colcon.colcon_core.package_identification:_identify(src/sitl_gazebo) by extensions ['ignore', 'ignore_ament_install']
[0.188s] Level 1:colcon.colcon_core.package_identification:_identify(src/sitl_gazebo) by extension 'ignore'
[0.188s] Level 1:colcon.colcon_core.package_identification:_identify(src/sitl_gazebo) by extension 'ignore_ament_install'
[0.188s] Level 1:colcon.colcon_core.package_identification:_identify(src/sitl_gazebo) by extensions ['colcon_pkg']
[0.188s] Level 1:colcon.colcon_core.package_identification:_identify(src/sitl_gazebo) by extension 'colcon_pkg'
[0.188s] Level 1:colcon.colcon_core.package_identification:_identify(src/sitl_gazebo) by extensions ['colcon_meta']
[0.188s] Level 1:colcon.colcon_core.package_identification:_identify(src/sitl_gazebo) by extension 'colcon_meta'
[0.188s] Level 1:colcon.colcon_core.package_identification:_identify(src/sitl_gazebo) by extensions ['ros']
[0.188s] Level 1:colcon.colcon_core.package_identification:_identify(src/sitl_gazebo) by extension 'ros'
[0.189s] DEBUG:colcon.colcon_core.package_identification:Package 'src/sitl_gazebo' with type 'ros.catkin' and name 'sitl_gazebo'
[0.189s] Level 1:colcon.colcon_core.package_discovery:discover_packages(recursive) using defaults
[0.189s] Level 1:colcon.colcon_core.package_discovery:discover_packages(ignore) discover
[0.189s] Level 1:colcon.colcon_core.package_discovery:discover_packages(ignore) using defaults
[0.189s] Level 1:colcon.colcon_core.package_discovery:discover_packages(path) discover
[0.189s] Level 1:colcon.colcon_core.package_discovery:discover_packages(path) using defaults
[0.201s] Level 1:colcon.colcon_core.package_discovery:discover_packages(prefix_path) check parameters
[0.201s] Level 1:colcon.colcon_core.package_discovery:discover_packages(prefix_path) discover
[0.202s] WARNING:colcon.colcon_ros.prefix_path.ament:The path '/home/wolowizard/Morphing-Drone-sim/ROS2_ws/install/motor_speeds_pub' in the environment variable AMENT_PREFIX_PATH doesn't exist
[0.202s] WARNING:colcon.colcon_ros.prefix_path.ament:The path '/home/wolowizard/Morphing-Drone-sim/ROS2_ws/install/morphing_description' in the environment variable AMENT_PREFIX_PATH doesn't exist
[0.202s] WARNING:colcon.colcon_ros.prefix_path.catkin:The path '/home/wolowizard/Morphing-Drone-sim/ROS2_ws/install/motor_speeds_pub' in the environment variable CMAKE_PREFIX_PATH doesn't exist
[0.202s] WARNING:colcon.colcon_ros.prefix_path.catkin:The path '/home/wolowizard/Morphing-Drone-sim/ROS2_ws/install/motor_speed_publisher' in the environment variable CMAKE_PREFIX_PATH doesn't exist
[0.202s] WARNING:colcon.colcon_ros.prefix_path.catkin:The path '/home/wolowizard/Morphing-Drone-sim/ROS2_ws/install/morphing_description' in the environment variable CMAKE_PREFIX_PATH doesn't exist
[0.202s] DEBUG:colcon.colcon_installed_package_information.package_discovery:Found 0 installed packages in /home/wolowizard/Morphing-Drone-sim/ROS2_ws/install
[0.203s] DEBUG:colcon.colcon_installed_package_information.package_discovery:Found 331 installed packages in /opt/ros/humble
[0.205s] Level 1:colcon.colcon_core.package_discovery:discover_packages(prefix_path) using defaults
[0.230s] Level 5:colcon.colcon_core.verb:set package 'morphing_description' build argument 'cmake_args' from command line to 'None'
[0.230s] Level 5:colcon.colcon_core.verb:set package 'morphing_description' build argument 'cmake_target' from command line to 'None'
[0.230s] Level 5:colcon.colcon_core.verb:set package 'morphing_description' build argument 'cmake_target_skip_unavailable' from command line to 'False'
[0.230s] Level 5:colcon.colcon_core.verb:set package 'morphing_description' build argument 'cmake_clean_cache' from command line to 'False'
[0.230s] Level 5:colcon.colcon_core.verb:set package 'morphing_description' build argument 'cmake_clean_first' from command line to 'False'
[0.230s] Level 5:colcon.colcon_core.verb:set package 'morphing_description' build argument 'cmake_force_configure' from command line to 'False'
[0.230s] Level 5:colcon.colcon_core.verb:set package 'morphing_description' build argument 'ament_cmake_args' from command line to 'None'
[0.230s] Level 5:colcon.colcon_core.verb:set package 'morphing_description' build argument 'catkin_cmake_args' from command line to 'None'
[0.230s] Level 5:colcon.colcon_core.verb:set package 'morphing_description' build argument 'catkin_skip_building_tests' from command line to 'False'
[0.230s] DEBUG:colcon.colcon_core.verb:Building package 'morphing_description' with the following arguments: {'ament_cmake_args': None, 'build_base': '/home/wolowizard/Morphing-Drone-sim/ROS2_ws/build/morphing_description', 'catkin_cmake_args': None, 'catkin_skip_building_tests': False, 'cmake_args': None, 'cmake_clean_cache': False, 'cmake_clean_first': False, 'cmake_force_configure': False, 'cmake_target': None, 'cmake_target_skip_unavailable': False, 'install_base': '/home/wolowizard/Morphing-Drone-sim/ROS2_ws/install/morphing_description', 'merge_install': False, 'path': '/home/wolowizard/Morphing-Drone-sim/ROS2_ws/src/morphing_description', 'symlink_install': False, 'test_result_base': None}
[0.230s] Level 5:colcon.colcon_core.verb:set package 'motor_speeds_pub' build argument 'cmake_args' from command line to 'None'
[0.231s] Level 5:colcon.colcon_core.verb:set package 'motor_speeds_pub' build argument 'cmake_target' from command line to 'None'
[0.231s] Level 5:colcon.colcon_core.verb:set package 'motor_speeds_pub' build argument 'cmake_target_skip_unavailable' from command line to 'False'
[0.231s] Level 5:colcon.colcon_core.verb:set package 'motor_speeds_pub' build argument 'cmake_clean_cache' from command line to 'False'
[0.231s] Level 5:colcon.colcon_core.verb:set package 'motor_speeds_pub' build argument 'cmake_clean_first' from command line to 'False'
[0.231s] Level 5:colcon.colcon_core.verb:set package 'motor_speeds_pub' build argument 'cmake_force_configure' from command line to 'False'
[0.231s] Level 5:colcon.colcon_core.verb:set package 'motor_speeds_pub' build argument 'ament_cmake_args' from command line to 'None'
[0.231s] Level 5:colcon.colcon_core.verb:set package 'motor_speeds_pub' build argument 'catkin_cmake_args' from command line to 'None'
[0.231s] Level 5:colcon.colcon_core.verb:set package 'motor_speeds_pub' build argument 'catkin_skip_building_tests' from command line to 'False'
[0.231s] DEBUG:colcon.colcon_core.verb:Building package 'motor_speeds_pub' with the following arguments: {'ament_cmake_args': None, 'build_base': '/home/wolowizard/Morphing-Drone-sim/ROS2_ws/build/motor_speeds_pub', 'catkin_cmake_args': None, 'catkin_skip_building_tests': False, 'cmake_args': None, 'cmake_clean_cache': False, 'cmake_clean_first': False, 'cmake_force_configure': False, 'cmake_target': None, 'cmake_target_skip_unavailable': False, 'install_base': '/home/wolowizard/Morphing-Drone-sim/ROS2_ws/install/motor_speeds_pub', 'merge_install': False, 'path': '/home/wolowizard/Morphing-Drone-sim/ROS2_ws/src/motor_speeds_pub', 'symlink_install': False, 'test_result_base': None}
[0.231s] Level 5:colcon.colcon_core.verb:set package 'sitl_gazebo' build argument 'cmake_args' from command line to 'None'
[0.231s] Level 5:colcon.colcon_core.verb:set package 'sitl_gazebo' build argument 'cmake_target' from command line to 'None'
[0.231s] Level 5:colcon.colcon_core.verb:set package 'sitl_gazebo' build argument 'cmake_target_skip_unavailable' from command line to 'False'
[0.231s] Level 5:colcon.colcon_core.verb:set package 'sitl_gazebo' build argument 'cmake_clean_cache' from command line to 'False'
[0.231s] Level 5:colcon.colcon_core.verb:set package 'sitl_gazebo' build argument 'cmake_clean_first' from command line to 'False'
[0.231s] Level 5:colcon.colcon_core.verb:set package 'sitl_gazebo' build argument 'cmake_force_configure' from command line to 'False'
[0.231s] Level 5:colcon.colcon_core.verb:set package 'sitl_gazebo' build argument 'ament_cmake_args' from command line to 'None'
[0.231s] Level 5:colcon.colcon_core.verb:set package 'sitl_gazebo' build argument 'catkin_cmake_args' from command line to 'None'
[0.231s] Level 5:colcon.colcon_core.verb:set package 'sitl_gazebo' build argument 'catkin_skip_building_tests' from command line to 'False'
[0.231s] DEBUG:colcon.colcon_core.verb:Building package 'sitl_gazebo' with the following arguments: {'ament_cmake_args': None, 'build_base': '/home/wolowizard/Morphing-Drone-sim/ROS2_ws/build/sitl_gazebo', 'catkin_cmake_args': None, 'catkin_skip_building_tests': False, 'cmake_args': None, 'cmake_clean_cache': False, 'cmake_clean_first': False, 'cmake_force_configure': False, 'cmake_target': None, 'cmake_target_skip_unavailable': False, 'install_base': '/home/wolowizard/Morphing-Drone-sim/ROS2_ws/install/sitl_gazebo', 'merge_install': False, 'path': '/home/wolowizard/Morphing-Drone-sim/ROS2_ws/src/sitl_gazebo', 'symlink_install': False, 'test_result_base': None}
[0.231s] INFO:colcon.colcon_core.executor:Executing jobs using 'parallel' executor
[0.232s] DEBUG:colcon.colcon_parallel_executor.executor.parallel:run_until_complete
[0.232s] INFO:colcon.colcon_ros.task.ament_cmake.build:Building ROS package in '/home/wolowizard/Morphing-Drone-sim/ROS2_ws/src/morphing_description' with build type 'ament_cmake'
[0.232s] INFO:colcon.colcon_cmake.task.cmake.build:Building CMake package in '/home/wolowizard/Morphing-Drone-sim/ROS2_ws/src/morphing_description'
[0.233s] INFO:colcon.colcon_core.plugin_system:Skipping extension 'colcon_core.shell.bat': Not used on non-Windows systems
[0.233s] INFO:colcon.colcon_core.shell:Skip shell extension 'powershell' for command environment: Not usable outside of PowerShell
[0.233s] DEBUG:colcon.colcon_core.shell:Skip shell extension 'dsv' for command environment
[0.235s] INFO:colcon.colcon_ros.task.ament_cmake.build:Building ROS package in '/home/wolowizard/Morphing-Drone-sim/ROS2_ws/src/motor_speeds_pub' with build type 'ament_cmake'
[0.236s] INFO:colcon.colcon_cmake.task.cmake.build:Building CMake package in '/home/wolowizard/Morphing-Drone-sim/ROS2_ws/src/motor_speeds_pub'
[0.236s] INFO:colcon.colcon_core.shell:Skip shell extension 'powershell' for command environment: Not usable outside of PowerShell
[0.236s] DEBUG:colcon.colcon_core.shell:Skip shell extension 'dsv' for command environment
[0.237s] INFO:colcon.colcon_ros.task.catkin.build:Building ROS package in '/home/wolowizard/Morphing-Drone-sim/ROS2_ws/src/sitl_gazebo' with build type 'catkin'
[0.238s] INFO:colcon.colcon_cmake.task.cmake.build:Building CMake package in '/home/wolowizard/Morphing-Drone-sim/ROS2_ws/src/sitl_gazebo'
[0.238s] INFO:colcon.colcon_core.shell:Skip shell extension 'powershell' for command environment: Not usable outside of PowerShell
[0.238s] DEBUG:colcon.colcon_core.shell:Skip shell extension 'dsv' for command environment
[0.242s] DEBUG:colcon.colcon_core.event_handler.log_command:Invoking command in '/home/wolowizard/Morphing-Drone-sim/ROS2_ws/build/morphing_description': CMAKE_PREFIX_PATH=${CMAKE_PREFIX_PATH}:/opt/ros/humble /usr/bin/cmake /home/wolowizard/Morphing-Drone-sim/ROS2_ws/src/morphing_description -DCMAKE_INSTALL_PREFIX=/home/wolowizard/Morphing-Drone-sim/ROS2_ws/install/morphing_description
[0.244s] DEBUG:colcon.colcon_core.event_handler.log_command:Invoking command in '/home/wolowizard/Morphing-Drone-sim/ROS2_ws/build/motor_speeds_pub': CMAKE_PREFIX_PATH=${CMAKE_PREFIX_PATH}:/opt/ros/humble /usr/bin/cmake /home/wolowizard/Morphing-Drone-sim/ROS2_ws/src/motor_speeds_pub -DCMAKE_INSTALL_PREFIX=/home/wolowizard/Morphing-Drone-sim/ROS2_ws/install/motor_speeds_pub
[0.246s] DEBUG:colcon.colcon_core.event_handler.log_command:Invoking command in '/home/wolowizard/Morphing-Drone-sim/ROS2_ws/build/sitl_gazebo': /usr/bin/cmake /home/wolowizard/Morphing-Drone-sim/ROS2_ws/src/sitl_gazebo -DCATKIN_INSTALL_INTO_PREFIX_ROOT=0 -DCMAKE_INSTALL_PREFIX=/home/wolowizard/Morphing-Drone-sim/ROS2_ws/install/sitl_gazebo
[0.663s] DEBUG:colcon.colcon_core.event_handler.log_command:Invoked command in '/home/wolowizard/Morphing-Drone-sim/ROS2_ws/build/morphing_description' returned '0': CMAKE_PREFIX_PATH=${CMAKE_PREFIX_PATH}:/opt/ros/humble /usr/bin/cmake /home/wolowizard/Morphing-Drone-sim/ROS2_ws/src/morphing_description -DCMAKE_INSTALL_PREFIX=/home/wolowizard/Morphing-Drone-sim/ROS2_ws/install/morphing_description
[0.665s] DEBUG:colcon.colcon_core.event_handler.log_command:Invoking command in '/home/wolowizard/Morphing-Drone-sim/ROS2_ws/build/morphing_description': CMAKE_PREFIX_PATH=${CMAKE_PREFIX_PATH}:/opt/ros/humble /usr/bin/cmake --build /home/wolowizard/Morphing-Drone-sim/ROS2_ws/build/morphing_description -- -j8 -l8
[0.692s] DEBUG:colcon.colcon_core.event_handler.log_command:Invoked command in '/home/wolowizard/Morphing-Drone-sim/ROS2_ws/build/morphing_description' returned '0': CMAKE_PREFIX_PATH=${CMAKE_PREFIX_PATH}:/opt/ros/humble /usr/bin/cmake --build /home/wolowizard/Morphing-Drone-sim/ROS2_ws/build/morphing_description -- -j8 -l8
[0.699s] DEBUG:colcon.colcon_core.event_handler.log_command:Invoking command in '/home/wolowizard/Morphing-Drone-sim/ROS2_ws/build/morphing_description': CMAKE_PREFIX_PATH=${CMAKE_PREFIX_PATH}:/opt/ros/humble /usr/bin/cmake --install /home/wolowizard/Morphing-Drone-sim/ROS2_ws/build/morphing_description
[0.707s] Level 1:colcon.colcon_core.environment:create_environment_scripts_only(morphing_description)
[0.707s] DEBUG:colcon.colcon_core.event_handler.log_command:Invoked command in '/home/wolowizard/Morphing-Drone-sim/ROS2_ws/build/morphing_description' returned '0': CMAKE_PREFIX_PATH=${CMAKE_PREFIX_PATH}:/opt/ros/humble /usr/bin/cmake --install /home/wolowizard/Morphing-Drone-sim/ROS2_ws/build/morphing_description
[0.708s] Level 1:colcon.colcon_core.environment:checking '/home/wolowizard/Morphing-Drone-sim/ROS2_ws/install/morphing_description' for CMake module files
[0.708s] Level 1:colcon.colcon_core.environment:checking '/home/wolowizard/Morphing-Drone-sim/ROS2_ws/install/morphing_description' for CMake config files
[0.709s] Level 1:colcon.colcon_core.shell:create_environment_hook('morphing_description', 'cmake_prefix_path')
[0.709s] INFO:colcon.colcon_core.shell:Creating environment hook '/home/wolowizard/Morphing-Drone-sim/ROS2_ws/install/morphing_description/share/morphing_description/hook/cmake_prefix_path.ps1'
[0.709s] INFO:colcon.colcon_core.shell:Creating environment descriptor '/home/wolowizard/Morphing-Drone-sim/ROS2_ws/install/morphing_description/share/morphing_description/hook/cmake_prefix_path.dsv'
[0.710s] INFO:colcon.colcon_core.shell:Creating environment hook '/home/wolowizard/Morphing-Drone-sim/ROS2_ws/install/morphing_description/share/morphing_description/hook/cmake_prefix_path.sh'
[0.710s] Level 1:colcon.colcon_core.environment:checking '/home/wolowizard/Morphing-Drone-sim/ROS2_ws/install/morphing_description/bin'
[0.710s] Level 1:colcon.colcon_core.environment:checking '/home/wolowizard/Morphing-Drone-sim/ROS2_ws/install/morphing_description/lib/pkgconfig/morphing_description.pc'
[0.710s] Level 1:colcon.colcon_core.environment:checking '/home/wolowizard/Morphing-Drone-sim/ROS2_ws/install/morphing_description/lib/python3.10/site-packages'
[0.711s] Level 1:colcon.colcon_core.environment:checking '/home/wolowizard/Morphing-Drone-sim/ROS2_ws/install/morphing_description/bin'
[0.711s] INFO:colcon.colcon_core.shell:Creating package script '/home/wolowizard/Morphing-Drone-sim/ROS2_ws/install/morphing_description/share/morphing_description/package.ps1'
[0.711s] INFO:colcon.colcon_core.shell:Creating package descriptor '/home/wolowizard/Morphing-Drone-sim/ROS2_ws/install/morphing_description/share/morphing_description/package.dsv'
[0.712s] INFO:colcon.colcon_core.shell:Creating package script '/home/wolowizard/Morphing-Drone-sim/ROS2_ws/install/morphing_description/share/morphing_description/package.sh'
[0.712s] INFO:colcon.colcon_core.shell:Creating package script '/home/wolowizard/Morphing-Drone-sim/ROS2_ws/install/morphing_description/share/morphing_description/package.bash'
[0.712s] INFO:colcon.colcon_core.shell:Creating package script '/home/wolowizard/Morphing-Drone-sim/ROS2_ws/install/morphing_description/share/morphing_description/package.zsh'
[0.713s] Level 1:colcon.colcon_core.environment:create_file_with_runtime_dependencies(/home/wolowizard/Morphing-Drone-sim/ROS2_ws/install/morphing_description/share/colcon-core/packages/morphing_description)
[0.713s] Level 1:colcon.colcon_core.environment:create_environment_scripts_only(morphing_description)
[0.713s] Level 1:colcon.colcon_core.environment:checking '/home/wolowizard/Morphing-Drone-sim/ROS2_ws/install/morphing_description' for CMake module files
[0.714s] Level 1:colcon.colcon_core.environment:checking '/home/wolowizard/Morphing-Drone-sim/ROS2_ws/install/morphing_description' for CMake config files
[0.714s] Level 1:colcon.colcon_core.shell:create_environment_hook('morphing_description', 'cmake_prefix_path')
[0.714s] INFO:colcon.colcon_core.shell:Creating environment hook '/home/wolowizard/Morphing-Drone-sim/ROS2_ws/install/morphing_description/share/morphing_description/hook/cmake_prefix_path.ps1'
[0.714s] INFO:colcon.colcon_core.shell:Creating environment descriptor '/home/wolowizard/Morphing-Drone-sim/ROS2_ws/install/morphing_description/share/morphing_description/hook/cmake_prefix_path.dsv'
[0.715s] INFO:colcon.colcon_core.shell:Creating environment hook '/home/wolowizard/Morphing-Drone-sim/ROS2_ws/install/morphing_description/share/morphing_description/hook/cmake_prefix_path.sh'
[0.715s] Level 1:colcon.colcon_core.environment:checking '/home/wolowizard/Morphing-Drone-sim/ROS2_ws/install/morphing_description/bin'
[0.715s] Level 1:colcon.colcon_core.environment:checking '/home/wolowizard/Morphing-Drone-sim/ROS2_ws/install/morphing_description/lib/pkgconfig/morphing_description.pc'
[0.715s] Level 1:colcon.colcon_core.environment:checking '/home/wolowizard/Morphing-Drone-sim/ROS2_ws/install/morphing_description/lib/python3.10/site-packages'
[0.715s] Level 1:colcon.colcon_core.environment:checking '/home/wolowizard/Morphing-Drone-sim/ROS2_ws/install/morphing_description/bin'
[0.715s] INFO:colcon.colcon_core.shell:Creating package script '/home/wolowizard/Morphing-Drone-sim/ROS2_ws/install/morphing_description/share/morphing_description/package.ps1'
[0.716s] INFO:colcon.colcon_core.shell:Creating package descriptor '/home/wolowizard/Morphing-Drone-sim/ROS2_ws/install/morphing_description/share/morphing_description/package.dsv'
[0.716s] INFO:colcon.colcon_core.shell:Creating package script '/home/wolowizard/Morphing-Drone-sim/ROS2_ws/install/morphing_description/share/morphing_description/package.sh'
[0.716s] INFO:colcon.colcon_core.shell:Creating package script '/home/wolowizard/Morphing-Drone-sim/ROS2_ws/install/morphing_description/share/morphing_description/package.bash'
[0.717s] INFO:colcon.colcon_core.shell:Creating package script '/home/wolowizard/Morphing-Drone-sim/ROS2_ws/install/morphing_description/share/morphing_description/package.zsh'
[0.717s] Level 1:colcon.colcon_core.environment:create_file_with_runtime_dependencies(/home/wolowizard/Morphing-Drone-sim/ROS2_ws/install/morphing_description/share/colcon-core/packages/morphing_description)
[1.027s] DEBUG:colcon.colcon_core.event_handler.log_command:Invoked command in '/home/wolowizard/Morphing-Drone-sim/ROS2_ws/build/motor_speeds_pub' returned '0': CMAKE_PREFIX_PATH=${CMAKE_PREFIX_PATH}:/opt/ros/humble /usr/bin/cmake /home/wolowizard/Morphing-Drone-sim/ROS2_ws/src/motor_speeds_pub -DCMAKE_INSTALL_PREFIX=/home/wolowizard/Morphing-Drone-sim/ROS2_ws/install/motor_speeds_pub
[1.028s] DEBUG:colcon.colcon_core.event_handler.log_command:Invoking command in '/home/wolowizard/Morphing-Drone-sim/ROS2_ws/build/motor_speeds_pub': CMAKE_PREFIX_PATH=${CMAKE_PREFIX_PATH}:/opt/ros/humble /usr/bin/cmake --build /home/wolowizard/Morphing-Drone-sim/ROS2_ws/build/motor_speeds_pub -- -j8 -l8
[1.501s] DEBUG:colcon.colcon_core.event_handler.log_command:Invoked command in '/home/wolowizard/Morphing-Drone-sim/ROS2_ws/build/sitl_gazebo' returned '0': /usr/bin/cmake /home/wolowizard/Morphing-Drone-sim/ROS2_ws/src/sitl_gazebo -DCATKIN_INSTALL_INTO_PREFIX_ROOT=0 -DCMAKE_INSTALL_PREFIX=/home/wolowizard/Morphing-Drone-sim/ROS2_ws/install/sitl_gazebo
[1.502s] DEBUG:colcon.colcon_core.event_handler.log_command:Invoking command in '/home/wolowizard/Morphing-Drone-sim/ROS2_ws/build/sitl_gazebo': /usr/bin/cmake --build /home/wolowizard/Morphing-Drone-sim/ROS2_ws/build/sitl_gazebo -- -j8 -l8
[4.074s] DEBUG:colcon.colcon_core.event_handler.log_command:Invoked command in '/home/wolowizard/Morphing-Drone-sim/ROS2_ws/build/motor_speeds_pub' returned '0': CMAKE_PREFIX_PATH=${CMAKE_PREFIX_PATH}:/opt/ros/humble /usr/bin/cmake --build /home/wolowizard/Morphing-Drone-sim/ROS2_ws/build/motor_speeds_pub -- -j8 -l8
[4.075s] DEBUG:colcon.colcon_core.event_handler.log_command:Invoking command in '/home/wolowizard/Morphing-Drone-sim/ROS2_ws/build/motor_speeds_pub': CMAKE_PREFIX_PATH=${CMAKE_PREFIX_PATH}:/opt/ros/humble /usr/bin/cmake --install /home/wolowizard/Morphing-Drone-sim/ROS2_ws/build/motor_speeds_pub
[4.084s] Level 1:colcon.colcon_core.environment:create_environment_scripts_only(motor_speeds_pub)
[4.084s] Level 1:colcon.colcon_core.environment:checking '/home/wolowizard/Morphing-Drone-sim/ROS2_ws/install/motor_speeds_pub' for CMake module files
[4.085s] DEBUG:colcon.colcon_core.event_handler.log_command:Invoked command in '/home/wolowizard/Morphing-Drone-sim/ROS2_ws/build/motor_speeds_pub' returned '0': CMAKE_PREFIX_PATH=${CMAKE_PREFIX_PATH}:/opt/ros/humble /usr/bin/cmake --install /home/wolowizard/Morphing-Drone-sim/ROS2_ws/build/motor_speeds_pub
[4.085s] Level 1:colcon.colcon_core.environment:checking '/home/wolowizard/Morphing-Drone-sim/ROS2_ws/install/motor_speeds_pub' for CMake config files
[4.085s] Level 1:colcon.colcon_core.shell:create_environment_hook('motor_speeds_pub', 'cmake_prefix_path')
[4.085s] INFO:colcon.colcon_core.shell:Creating environment hook '/home/wolowizard/Morphing-Drone-sim/ROS2_ws/install/motor_speeds_pub/share/motor_speeds_pub/hook/cmake_prefix_path.ps1'
[4.085s] INFO:colcon.colcon_core.shell:Creating environment descriptor '/home/wolowizard/Morphing-Drone-sim/ROS2_ws/install/motor_speeds_pub/share/motor_speeds_pub/hook/cmake_prefix_path.dsv'
[4.086s] INFO:colcon.colcon_core.shell:Creating environment hook '/home/wolowizard/Morphing-Drone-sim/ROS2_ws/install/motor_speeds_pub/share/motor_speeds_pub/hook/cmake_prefix_path.sh'
[4.086s] Level 1:colcon.colcon_core.environment:checking '/home/wolowizard/Morphing-Drone-sim/ROS2_ws/install/motor_speeds_pub/lib'
[4.086s] Level 1:colcon.colcon_core.environment:checking '/home/wolowizard/Morphing-Drone-sim/ROS2_ws/install/motor_speeds_pub/bin'
[4.086s] Level 1:colcon.colcon_core.environment:checking '/home/wolowizard/Morphing-Drone-sim/ROS2_ws/install/motor_speeds_pub/lib/pkgconfig/motor_speeds_pub.pc'
[4.086s] Level 1:colcon.colcon_core.environment:checking '/home/wolowizard/Morphing-Drone-sim/ROS2_ws/install/motor_speeds_pub/lib/python3.10/site-packages'
[4.086s] Level 1:colcon.colcon_core.environment:checking '/home/wolowizard/Morphing-Drone-sim/ROS2_ws/install/motor_speeds_pub/bin'
[4.087s] INFO:colcon.colcon_core.shell:Creating package script '/home/wolowizard/Morphing-Drone-sim/ROS2_ws/install/motor_speeds_pub/share/motor_speeds_pub/package.ps1'
[4.087s] INFO:colcon.colcon_core.shell:Creating package descriptor '/home/wolowizard/Morphing-Drone-sim/ROS2_ws/install/motor_speeds_pub/share/motor_speeds_pub/package.dsv'
[4.087s] INFO:colcon.colcon_core.shell:Creating package script '/home/wolowizard/Morphing-Drone-sim/ROS2_ws/install/motor_speeds_pub/share/motor_speeds_pub/package.sh'
[4.087s] INFO:colcon.colcon_core.shell:Creating package script '/home/wolowizard/Morphing-Drone-sim/ROS2_ws/install/motor_speeds_pub/share/motor_speeds_pub/package.bash'
[4.088s] INFO:colcon.colcon_core.shell:Creating package script '/home/wolowizard/Morphing-Drone-sim/ROS2_ws/install/motor_speeds_pub/share/motor_speeds_pub/package.zsh'
[4.088s] Level 1:colcon.colcon_core.environment:create_file_with_runtime_dependencies(/home/wolowizard/Morphing-Drone-sim/ROS2_ws/install/motor_speeds_pub/share/colcon-core/packages/motor_speeds_pub)
[4.088s] Level 1:colcon.colcon_core.environment:create_environment_scripts_only(motor_speeds_pub)
[4.088s] Level 1:colcon.colcon_core.environment:checking '/home/wolowizard/Morphing-Drone-sim/ROS2_ws/install/motor_speeds_pub' for CMake module files
[4.088s] Level 1:colcon.colcon_core.environment:checking '/home/wolowizard/Morphing-Drone-sim/ROS2_ws/install/motor_speeds_pub' for CMake config files
[4.089s] Level 1:colcon.colcon_core.shell:create_environment_hook('motor_speeds_pub', 'cmake_prefix_path')
[4.089s] INFO:colcon.colcon_core.shell:Creating environment hook '/home/wolowizard/Morphing-Drone-sim/ROS2_ws/install/motor_speeds_pub/share/motor_speeds_pub/hook/cmake_prefix_path.ps1'
[4.089s] INFO:colcon.colcon_core.shell:Creating environment descriptor '/home/wolowizard/Morphing-Drone-sim/ROS2_ws/install/motor_speeds_pub/share/motor_speeds_pub/hook/cmake_prefix_path.dsv'
[4.089s] INFO:colcon.colcon_core.shell:Creating environment hook '/home/wolowizard/Morphing-Drone-sim/ROS2_ws/install/motor_speeds_pub/share/motor_speeds_pub/hook/cmake_prefix_path.sh'
[4.090s] Level 1:colcon.colcon_core.environment:checking '/home/wolowizard/Morphing-Drone-sim/ROS2_ws/install/motor_speeds_pub/lib'
[4.090s] Level 1:colcon.colcon_core.environment:checking '/home/wolowizard/Morphing-Drone-sim/ROS2_ws/install/motor_speeds_pub/bin'
[4.090s] Level 1:colcon.colcon_core.environment:checking '/home/wolowizard/Morphing-Drone-sim/ROS2_ws/install/motor_speeds_pub/lib/pkgconfig/motor_speeds_pub.pc'
[4.090s] Level 1:colcon.colcon_core.environment:checking '/home/wolowizard/Morphing-Drone-sim/ROS2_ws/install/motor_speeds_pub/lib/python3.10/site-packages'
[4.090s] Level 1:colcon.colcon_core.environment:checking '/home/wolowizard/Morphing-Drone-sim/ROS2_ws/install/motor_speeds_pub/bin'
[4.090s] INFO:colcon.colcon_core.shell:Creating package script '/home/wolowizard/Morphing-Drone-sim/ROS2_ws/install/motor_speeds_pub/share/motor_speeds_pub/package.ps1'
[4.090s] INFO:colcon.colcon_core.shell:Creating package descriptor '/home/wolowizard/Morphing-Drone-sim/ROS2_ws/install/motor_speeds_pub/share/motor_speeds_pub/package.dsv'
[4.091s] INFO:colcon.colcon_core.shell:Creating package script '/home/wolowizard/Morphing-Drone-sim/ROS2_ws/install/motor_speeds_pub/share/motor_speeds_pub/package.sh'
[4.091s] INFO:colcon.colcon_core.shell:Creating package script '/home/wolowizard/Morphing-Drone-sim/ROS2_ws/install/motor_speeds_pub/share/motor_speeds_pub/package.bash'
[4.091s] INFO:colcon.colcon_core.shell:Creating package script '/home/wolowizard/Morphing-Drone-sim/ROS2_ws/install/motor_speeds_pub/share/motor_speeds_pub/package.zsh'
[4.091s] Level 1:colcon.colcon_core.environment:create_file_with_runtime_dependencies(/home/wolowizard/Morphing-Drone-sim/ROS2_ws/install/motor_speeds_pub/share/colcon-core/packages/motor_speeds_pub)
[13.893s] DEBUG:colcon.colcon_core.event_handler.log_command:Invoked command in '/home/wolowizard/Morphing-Drone-sim/ROS2_ws/build/sitl_gazebo' returned '0': /usr/bin/cmake --build /home/wolowizard/Morphing-Drone-sim/ROS2_ws/build/sitl_gazebo -- -j8 -l8
[13.894s] DEBUG:colcon.colcon_core.event_handler.log_command:Invoking command in '/home/wolowizard/Morphing-Drone-sim/ROS2_ws/build/sitl_gazebo': /usr/bin/cmake --install /home/wolowizard/Morphing-Drone-sim/ROS2_ws/build/sitl_gazebo
[13.905s] DEBUG:colcon.colcon_core.event_handler.log_command:Invoked command in '/home/wolowizard/Morphing-Drone-sim/ROS2_ws/build/sitl_gazebo' returned '0': /usr/bin/cmake --install /home/wolowizard/Morphing-Drone-sim/ROS2_ws/build/sitl_gazebo
[13.905s] Level 1:colcon.colcon_core.shell:create_environment_hook('sitl_gazebo', 'ros_package_path')
[13.905s] INFO:colcon.colcon_core.shell:Creating environment hook '/home/wolowizard/Morphing-Drone-sim/ROS2_ws/install/sitl_gazebo/share/sitl_gazebo/hook/ros_package_path.ps1'
[13.905s] INFO:colcon.colcon_core.shell:Creating environment descriptor '/home/wolowizard/Morphing-Drone-sim/ROS2_ws/install/sitl_gazebo/share/sitl_gazebo/hook/ros_package_path.dsv'
[13.906s] INFO:colcon.colcon_core.shell:Creating environment hook '/home/wolowizard/Morphing-Drone-sim/ROS2_ws/install/sitl_gazebo/share/sitl_gazebo/hook/ros_package_path.sh'
[13.906s] Level 1:colcon.colcon_core.shell:create_environment_hook('sitl_gazebo', 'pkg_config_path')
[13.906s] INFO:colcon.colcon_core.shell:Creating environment hook '/home/wolowizard/Morphing-Drone-sim/ROS2_ws/install/sitl_gazebo/share/sitl_gazebo/hook/pkg_config_path.ps1'
[13.906s] INFO:colcon.colcon_core.shell:Creating environment descriptor '/home/wolowizard/Morphing-Drone-sim/ROS2_ws/install/sitl_gazebo/share/sitl_gazebo/hook/pkg_config_path.dsv'
[13.907s] INFO:colcon.colcon_core.shell:Creating environment hook '/home/wolowizard/Morphing-Drone-sim/ROS2_ws/install/sitl_gazebo/share/sitl_gazebo/hook/pkg_config_path.sh'
[13.908s] Level 1:colcon.colcon_core.shell:create_environment_hook('sitl_gazebo', 'pkg_config_path_multiarch')
[13.908s] INFO:colcon.colcon_core.shell:Creating environment hook '/home/wolowizard/Morphing-Drone-sim/ROS2_ws/install/sitl_gazebo/share/sitl_gazebo/hook/pkg_config_path_multiarch.ps1'
[13.908s] INFO:colcon.colcon_core.shell:Creating environment descriptor '/home/wolowizard/Morphing-Drone-sim/ROS2_ws/install/sitl_gazebo/share/sitl_gazebo/hook/pkg_config_path_multiarch.dsv'
[13.908s] INFO:colcon.colcon_core.shell:Creating environment hook '/home/wolowizard/Morphing-Drone-sim/ROS2_ws/install/sitl_gazebo/share/sitl_gazebo/hook/pkg_config_path_multiarch.sh'
[13.909s] Level 1:colcon.colcon_core.environment:create_environment_scripts_only(sitl_gazebo)
[13.909s] Level 1:colcon.colcon_core.environment:checking '/home/wolowizard/Morphing-Drone-sim/ROS2_ws/install/sitl_gazebo' for CMake module files
[13.909s] Level 1:colcon.colcon_core.environment:checking '/home/wolowizard/Morphing-Drone-sim/ROS2_ws/install/sitl_gazebo' for CMake config files
[13.910s] Level 1:colcon.colcon_core.environment:checking '/home/wolowizard/Morphing-Drone-sim/ROS2_ws/install/sitl_gazebo/lib'
[13.910s] Level 1:colcon.colcon_core.shell:create_environment_hook('sitl_gazebo', 'ld_library_path_lib')
[13.910s] INFO:colcon.colcon_core.shell:Creating environment hook '/home/wolowizard/Morphing-Drone-sim/ROS2_ws/install/sitl_gazebo/share/sitl_gazebo/hook/ld_library_path_lib.ps1'
[13.910s] INFO:colcon.colcon_core.shell:Creating environment descriptor '/home/wolowizard/Morphing-Drone-sim/ROS2_ws/install/sitl_gazebo/share/sitl_gazebo/hook/ld_library_path_lib.dsv'
[13.910s] INFO:colcon.colcon_core.shell:Creating environment hook '/home/wolowizard/Morphing-Drone-sim/ROS2_ws/install/sitl_gazebo/share/sitl_gazebo/hook/ld_library_path_lib.sh'
[13.910s] Level 1:colcon.colcon_core.environment:checking '/home/wolowizard/Morphing-Drone-sim/ROS2_ws/install/sitl_gazebo/bin'
[13.910s] Level 1:colcon.colcon_core.environment:checking '/home/wolowizard/Morphing-Drone-sim/ROS2_ws/install/sitl_gazebo/lib/pkgconfig/sitl_gazebo.pc'
[13.911s] Level 1:colcon.colcon_core.environment:checking '/home/wolowizard/Morphing-Drone-sim/ROS2_ws/install/sitl_gazebo/lib/python3.10/site-packages'
[13.911s] Level 1:colcon.colcon_core.environment:checking '/home/wolowizard/Morphing-Drone-sim/ROS2_ws/install/sitl_gazebo/bin'
[13.911s] INFO:colcon.colcon_core.shell:Creating package script '/home/wolowizard/Morphing-Drone-sim/ROS2_ws/install/sitl_gazebo/share/sitl_gazebo/package.ps1'
[13.911s] INFO:colcon.colcon_core.shell:Creating package descriptor '/home/wolowizard/Morphing-Drone-sim/ROS2_ws/install/sitl_gazebo/share/sitl_gazebo/package.dsv'
[13.912s] INFO:colcon.colcon_core.shell:Creating package script '/home/wolowizard/Morphing-Drone-sim/ROS2_ws/install/sitl_gazebo/share/sitl_gazebo/package.sh'
[13.912s] INFO:colcon.colcon_core.shell:Creating package script '/home/wolowizard/Morphing-Drone-sim/ROS2_ws/install/sitl_gazebo/share/sitl_gazebo/package.bash'
[13.912s] INFO:colcon.colcon_core.shell:Creating package script '/home/wolowizard/Morphing-Drone-sim/ROS2_ws/install/sitl_gazebo/share/sitl_gazebo/package.zsh'
[13.912s] Level 1:colcon.colcon_core.environment:create_file_with_runtime_dependencies(/home/wolowizard/Morphing-Drone-sim/ROS2_ws/install/sitl_gazebo/share/colcon-core/packages/sitl_gazebo)
[13.913s] DEBUG:colcon.colcon_parallel_executor.executor.parallel:closing loop
[13.913s] DEBUG:colcon.colcon_parallel_executor.executor.parallel:loop closed
[13.913s] DEBUG:colcon.colcon_parallel_executor.executor.parallel:run_until_complete finished with '0'
[13.913s] DEBUG:colcon.colcon_core.event_reactor:joining thread
[13.916s] INFO:colcon.colcon_core.plugin_system:Skipping extension 'colcon_notification.desktop_notification.terminal_notifier': Not used on non-Darwin systems
[13.916s] INFO:colcon.colcon_core.plugin_system:Skipping extension 'colcon_notification.desktop_notification.win32': Not used on non-Windows systems
[13.916s] INFO:colcon.colcon_notification.desktop_notification:Sending desktop notification using 'notify2'
[13.925s] DEBUG:colcon.colcon_core.event_reactor:joined thread
[13.925s] INFO:colcon.colcon_core.shell:Creating prefix script '/home/wolowizard/Morphing-Drone-sim/ROS2_ws/install/local_setup.ps1'
[13.926s] INFO:colcon.colcon_core.shell:Creating prefix util module '/home/wolowizard/Morphing-Drone-sim/ROS2_ws/install/_local_setup_util_ps1.py'
[13.928s] INFO:colcon.colcon_core.shell:Creating prefix chain script '/home/wolowizard/Morphing-Drone-sim/ROS2_ws/install/setup.ps1'
[13.929s] INFO:colcon.colcon_core.shell:Creating prefix script '/home/wolowizard/Morphing-Drone-sim/ROS2_ws/install/local_setup.sh'
[13.929s] INFO:colcon.colcon_core.shell:Creating prefix util module '/home/wolowizard/Morphing-Drone-sim/ROS2_ws/install/_local_setup_util_sh.py'
[13.930s] INFO:colcon.colcon_core.shell:Creating prefix chain script '/home/wolowizard/Morphing-Drone-sim/ROS2_ws/install/setup.sh'
[13.931s] INFO:colcon.colcon_core.shell:Creating prefix script '/home/wolowizard/Morphing-Drone-sim/ROS2_ws/install/local_setup.bash'
[13.931s] INFO:colcon.colcon_core.shell:Creating prefix chain script '/home/wolowizard/Morphing-Drone-sim/ROS2_ws/install/setup.bash'
[13.932s] INFO:colcon.colcon_core.shell:Creating prefix script '/home/wolowizard/Morphing-Drone-sim/ROS2_ws/install/local_setup.zsh'
[13.933s] INFO:colcon.colcon_core.shell:Creating prefix chain script '/home/wolowizard/Morphing-Drone-sim/ROS2_ws/install/setup.zsh'
