[0.009s] Invoking command in '/home/wolowizard/Morphing-Drone-sim/ROS2_ws/build/morphing_description': CMAKE_PREFIX_PATH=${CMAKE_PREFIX_PATH}:/opt/ros/humble /usr/bin/cmake /home/wolowizard/Morphing-Drone-sim/ROS2_ws/src/morphing_description -DCMAKE_INSTALL_PREFIX=/home/wolowizard/Morphing-Drone-sim/ROS2_ws/install/morphing_description
[0.045s] -- The C compiler identification is GNU 11.4.0
[0.083s] -- The CXX compiler identification is GNU 11.4.0
[0.088s] -- Detecting C compiler ABI info
[0.133s] -- Detecting C compiler ABI info - done
[0.138s] -- Check for working C compiler: /usr/bin/cc - skipped
[0.138s] -- Detecting C compile features
[0.139s] -- Detecting C compile features - done
[0.141s] -- Detecting CXX compiler ABI info
[0.192s] -- Detecting CXX compiler ABI info - done
[0.197s] -- Check for working CXX compiler: /usr/bin/c++ - skipped
[0.198s] -- Detecting CXX compile features
[0.198s] -- Detecting CXX compile features - done
[0.200s] -- Found ament_cmake: 1.3.11 (/opt/ros/humble/share/ament_cmake/cmake)
[0.304s] -- Found Python3: /usr/bin/python3 (found version "3.10.12") found components: Interpreter 
[0.363s] -- Found ament_lint_auto: 0.12.12 (/opt/ros/humble/share/ament_lint_auto/cmake)
[0.423s] -- Added test 'flake8' to check Python code syntax and style conventions
[0.423s] -- Added test 'lint_cmake' to check CMake code style
[0.423s] -- Added test 'pep257' to check Python code against some of the docstring style conventions in PEP 257
[0.424s] -- Added test 'xmllint' to check XML markup files
[0.425s] -- Configuring done
[0.426s] -- Generating done
[0.428s] -- Build files have been written to: /home/wolowizard/Morphing-Drone-sim/ROS2_ws/build/morphing_description
[0.431s] Invoked command in '/home/wolowizard/Morphing-Drone-sim/ROS2_ws/build/morphing_description' returned '0': CMAKE_PREFIX_PATH=${CMAKE_PREFIX_PATH}:/opt/ros/humble /usr/bin/cmake /home/wolowizard/Morphing-Drone-sim/ROS2_ws/src/morphing_description -DCMAKE_INSTALL_PREFIX=/home/wolowizard/Morphing-Drone-sim/ROS2_ws/install/morphing_description
[0.433s] Invoking command in '/home/wolowizard/Morphing-Drone-sim/ROS2_ws/build/morphing_description': CMAKE_PREFIX_PATH=${CMAKE_PREFIX_PATH}:/opt/ros/humble /usr/bin/cmake --build /home/wolowizard/Morphing-Drone-sim/ROS2_ws/build/morphing_description -- -j8 -l8
[0.459s] Invoked command in '/home/wolowizard/Morphing-Drone-sim/ROS2_ws/build/morphing_description' returned '0': CMAKE_PREFIX_PATH=${CMAKE_PREFIX_PATH}:/opt/ros/humble /usr/bin/cmake --build /home/wolowizard/Morphing-Drone-sim/ROS2_ws/build/morphing_description -- -j8 -l8
[0.467s] Invoking command in '/home/wolowizard/Morphing-Drone-sim/ROS2_ws/build/morphing_description': CMAKE_PREFIX_PATH=${CMAKE_PREFIX_PATH}:/opt/ros/humble /usr/bin/cmake --install /home/wolowizard/Morphing-Drone-sim/ROS2_ws/build/morphing_description
[0.471s] -- Install configuration: ""
[0.471s] -- Installing: /home/wolowizard/Morphing-Drone-sim/ROS2_ws/install/morphing_description/share/morphing_description/launch
[0.471s] -- Installing: /home/wolowizard/Morphing-Drone-sim/ROS2_ws/install/morphing_description/share/morphing_description/launch/morphing_drone_launch.py
[0.471s] -- Installing: /home/wolowizard/Morphing-Drone-sim/ROS2_ws/install/morphing_description/share/morphing_description/model
[0.471s] -- Installing: /home/wolowizard/Morphing-Drone-sim/ROS2_ws/install/morphing_description/share/morphing_description/model/stl
[0.471s] -- Installing: /home/wolowizard/Morphing-Drone-sim/ROS2_ws/install/morphing_description/share/morphing_description/model/stl/tilt_link.stl
[0.471s] -- Installing: /home/wolowizard/Morphing-Drone-sim/ROS2_ws/install/morphing_description/share/morphing_description/model/stl/flare_link.stl
[0.472s] -- Installing: /home/wolowizard/Morphing-Drone-sim/ROS2_ws/install/morphing_description/share/morphing_description/model/stl/prop_link.stl
[0.472s] -- Installing: /home/wolowizard/Morphing-Drone-sim/ROS2_ws/install/morphing_description/share/morphing_description/model/stl/body_link.stl
[0.472s] -- Installing: /home/wolowizard/Morphing-Drone-sim/ROS2_ws/install/morphing_description/share/morphing_description/model/Morphing_drone.sdf
[0.472s] -- Installing: /home/wolowizard/Morphing-Drone-sim/ROS2_ws/install/morphing_description/share/morphing_description/stl
[0.472s] -- Installing: /home/wolowizard/Morphing-Drone-sim/ROS2_ws/install/morphing_description/share/morphing_description/stl/tilt_link.stl
[0.472s] -- Installing: /home/wolowizard/Morphing-Drone-sim/ROS2_ws/install/morphing_description/share/morphing_description/stl/flare_link.stl
[0.472s] -- Installing: /home/wolowizard/Morphing-Drone-sim/ROS2_ws/install/morphing_description/share/morphing_description/stl/prop_link.stl
[0.472s] -- Installing: /home/wolowizard/Morphing-Drone-sim/ROS2_ws/install/morphing_description/share/morphing_description/stl/body_link.stl
[0.472s] -- Installing: /home/wolowizard/Morphing-Drone-sim/ROS2_ws/install/morphing_description/share/ament_index/resource_index/package_run_dependencies/morphing_description
[0.472s] -- Installing: /home/wolowizard/Morphing-Drone-sim/ROS2_ws/install/morphing_description/share/ament_index/resource_index/parent_prefix_path/morphing_description
[0.472s] -- Installing: /home/wolowizard/Morphing-Drone-sim/ROS2_ws/install/morphing_description/share/morphing_description/environment/ament_prefix_path.sh
[0.472s] -- Installing: /home/wolowizard/Morphing-Drone-sim/ROS2_ws/install/morphing_description/share/morphing_description/environment/ament_prefix_path.dsv
[0.472s] -- Installing: /home/wolowizard/Morphing-Drone-sim/ROS2_ws/install/morphing_description/share/morphing_description/environment/path.sh
[0.473s] -- Installing: /home/wolowizard/Morphing-Drone-sim/ROS2_ws/install/morphing_description/share/morphing_description/environment/path.dsv
[0.473s] -- Installing: /home/wolowizard/Morphing-Drone-sim/ROS2_ws/install/morphing_description/share/morphing_description/local_setup.bash
[0.473s] -- Installing: /home/wolowizard/Morphing-Drone-sim/ROS2_ws/install/morphing_description/share/morphing_description/local_setup.sh
[0.473s] -- Installing: /home/wolowizard/Morphing-Drone-sim/ROS2_ws/install/morphing_description/share/morphing_description/local_setup.zsh
[0.473s] -- Installing: /home/wolowizard/Morphing-Drone-sim/ROS2_ws/install/morphing_description/share/morphing_description/local_setup.dsv
[0.473s] -- Installing: /home/wolowizard/Morphing-Drone-sim/ROS2_ws/install/morphing_description/share/morphing_description/package.dsv
[0.473s] -- Installing: /home/wolowizard/Morphing-Drone-sim/ROS2_ws/install/morphing_description/share/ament_index/resource_index/packages/morphing_description
[0.473s] -- Installing: /home/wolowizard/Morphing-Drone-sim/ROS2_ws/install/morphing_description/share/morphing_description/cmake/morphing_descriptionConfig.cmake
[0.473s] -- Installing: /home/wolowizard/Morphing-Drone-sim/ROS2_ws/install/morphing_description/share/morphing_description/cmake/morphing_descriptionConfig-version.cmake
[0.473s] -- Installing: /home/wolowizard/Morphing-Drone-sim/ROS2_ws/install/morphing_description/share/morphing_description/package.xml
[0.475s] Invoked command in '/home/wolowizard/Morphing-Drone-sim/ROS2_ws/build/morphing_description' returned '0': CMAKE_PREFIX_PATH=${CMAKE_PREFIX_PATH}:/opt/ros/humble /usr/bin/cmake --install /home/wolowizard/Morphing-Drone-sim/ROS2_ws/build/morphing_description
