[0.008s] Invoking command in '/home/wolowizard/Morphing-Drone-sim/ROS2_ws/build/sitl_gazebo': /usr/bin/cmake /home/wolowizard/Morphing-Drone-sim/ROS2_ws/src/sitl_gazebo -DCATKIN_INSTALL_INTO_PREFIX_ROOT=0 -DCMAKE_INSTALL_PREFIX=/home/wolowizard/Morphing-Drone-sim/ROS2_ws/install/sitl_gazebo
[0.042s] -- The C compiler identification is GNU 11.4.0
[0.079s] -- The CXX compiler identification is GNU 11.4.0
[0.085s] -- Detecting C compiler ABI info
[0.128s] -- Detecting C compiler ABI info - done
[0.133s] -- Check for working C compiler: /usr/bin/cc - skipped
[0.133s] -- Detecting C compile features
[0.134s] -- Detecting C compile features - done
[0.136s] -- Detecting CXX compiler ABI info
[0.187s] -- Detecting CXX compiler ABI info - done
[0.192s] -- Check for working CXX compiler: /usr/bin/c++ - skipped
[0.192s] -- Detecting CXX compile features
[0.192s] -- Detecting CXX compile features - done
[0.196s] [33mCMake Warning (dev) at /usr/share/cmake-3.22/Modules/FindPackageHandleStandardArgs.cmake:438 (message):
[0.196s]   The package name passed to `find_package_handle_standard_args` (PkgConfig)
[0.196s]   does not match the name of the calling package (gazebo).  This can lead to
[0.196s]   problems in calling code that expects `find_package` result variables
[0.196s]   (e.g., `_FOUND`) to follow a certain pattern.
[0.196s] Call Stack (most recent call first):
[0.196s]   /usr/share/cmake-3.22/Modules/FindPkgConfig.cmake:99 (find_package_handle_standard_args)
[0.196s]   /usr/lib/x86_64-linux-gnu/cmake/gazebo/gazebo-config.cmake:72 (include)
[0.196s]   CMakeLists.txt:4 (find_package)
[0.197s] This warning is for project developers.  Use -Wno-dev to suppress it.
[0.197s] [0m
[0.197s] -- Found PkgConfig: /usr/bin/pkg-config (found version "0.29.2") 
[0.199s] -- Checking for module 'bullet>=2.82'
[0.207s] --   Found bullet, version 3.05
[0.267s] -- Found fcl: /usr/include (found suitable version "0.7.0", minimum required is "0.5.0") 
[0.296s] -- Found assimp: /usr/include (found version "5.2.0") 
[0.306s] -- Found DART: /usr/include (Required is at least version "6.6") found components: dart 
[0.422s] -- Found Boost: /usr/lib/x86_64-linux-gnu/cmake/Boost-1.74.0/BoostConfig.cmake (found suitable version "1.74.0", minimum required is "1.40.0") found components: thread system filesystem program_options regex iostreams date_time 
[0.438s] -- Found Protobuf: /usr/lib/x86_64-linux-gnu/libprotobuf.so (found version "3.12.4") 
[0.442s] -- Looking for ignition-math6 -- found version 6.15.1
[0.446s] -- Searching for dependencies of ignition-math6
[0.447s] -- Looking for OGRE...
[0.447s] -- OGRE_PREFIX_WATCH changed.
[0.451s] -- Checking for module 'OGRE'
[0.459s] --   Found OGRE, version 1.9.0
[0.480s] -- Found Ogre Ghadamon (1.9.0)
[0.489s] -- Found OGRE: optimized;/usr/lib/x86_64-linux-gnu/libOgreMain.so;debug;/usr/lib/x86_64-linux-gnu/libOgreMain.so
[0.498s] -- Looking for OGRE_Paging...
[0.501s] -- Found OGRE_Paging: optimized;/usr/lib/x86_64-linux-gnu/libOgrePaging.so;debug;/usr/lib/x86_64-linux-gnu/libOgrePaging.so
[0.501s] -- Looking for OGRE_Terrain...
[0.503s] -- Found OGRE_Terrain: optimized;/usr/lib/x86_64-linux-gnu/libOgreTerrain.so;debug;/usr/lib/x86_64-linux-gnu/libOgreTerrain.so
[0.503s] -- Looking for OGRE_Property...
[0.506s] -- Found OGRE_Property: optimized;/usr/lib/x86_64-linux-gnu/libOgreProperty.so;debug;/usr/lib/x86_64-linux-gnu/libOgreProperty.so
[0.506s] -- Looking for OGRE_RTShaderSystem...
[0.509s] -- Found OGRE_RTShaderSystem: optimized;/usr/lib/x86_64-linux-gnu/libOgreRTShaderSystem.so;debug;/usr/lib/x86_64-linux-gnu/libOgreRTShaderSystem.so
[0.509s] -- Looking for OGRE_Volume...
[0.512s] -- Found OGRE_Volume: optimized;/usr/lib/x86_64-linux-gnu/libOgreVolume.so;debug;/usr/lib/x86_64-linux-gnu/libOgreVolume.so
[0.512s] -- Looking for OGRE_Overlay...
[0.515s] -- Found OGRE_Overlay: optimized;/usr/lib/x86_64-linux-gnu/libOgreOverlay.so;debug;/usr/lib/x86_64-linux-gnu/libOgreOverlay.so
[0.576s] -- Looking for ignition-math6 -- found version 6.15.1
[0.578s] -- Looking for ignition-transport8 -- found version 8.2.1
[0.578s] -- Searching for dependencies of ignition-transport8
[0.591s] -- Found Protobuf: /usr/lib/x86_64-linux-gnu/libprotobuf.so (found suitable version "3.12.4", minimum required is "3") 
[0.598s] -- Config-file not installed for ZeroMQ -- checking for pkg-config
[0.601s] -- Checking for module 'libzmq >= 4'
[0.610s] --   Found libzmq , version 4.3.4
[0.632s] -- Found ZeroMQ: TRUE (Required is at least version "4") 
[0.635s] -- Checking for module 'uuid'
[0.643s] --   Found uuid, version 2.37.2
[0.662s] -- Found UUID: TRUE  
[0.664s] -- Looking for ignition-msgs5 -- found version 5.8.1
[0.664s] -- Searching for dependencies of ignition-msgs5
[0.676s] -- Looking for ignition-math6 -- found version 6.15.1
[0.680s] -- Checking for module 'tinyxml2'
[0.688s] --   Found tinyxml2, version 9.0.0
[0.708s] -- Looking for ignition-msgs5 -- found version 5.8.1
[0.709s] -- Looking for ignition-common3 -- found version 3.14.0
[0.709s] -- Searching for dependencies of ignition-common3
[0.710s] -- Looking for dlfcn.h - found
[0.710s] -- Looking for libdl - found
[0.711s] -- Found DL: TRUE  
[0.718s] -- Found tinyobjloader: /usr/lib/x86_64-linux-gnu/cmake/tinyobjloader/tinyobjloader-config.cmake (found version "2.0.0") 
[0.718s] -- Searching for <ignition-common3> component [graphics]
[0.719s] -- Looking for ignition-common3-graphics -- found version 3.14.0
[0.720s] -- Searching for dependencies of ignition-common3-graphics
[0.720s] -- Looking for ignition-math6 -- found version 6.15.1
[0.721s] -- Looking for ignition-fuel_tools4 -- found version 4.4.0
[0.722s] -- Searching for dependencies of ignition-fuel_tools4
[0.773s] -- Found CURL: /usr/lib/x86_64-linux-gnu/libcurl.so (found version "7.81.0")  
[0.780s] -- Checking for module 'jsoncpp'
[0.789s] --   Found jsoncpp, version 1.9.5
[0.809s] -- Found JSONCPP: TRUE  
[0.814s] -- Checking for module 'libzip'
[0.822s] --   Found libzip, version 1.7.3
[0.844s] -- Found ZIP: TRUE  
[0.844s] -- Looking for ignition-common3 -- found version 3.14.0
[0.844s] -- Looking for ignition-math6 -- found version 6.15.1
[0.845s] -- Looking for ignition-msgs5 -- found version 5.8.1
[0.847s] -- Looking for ignition-math6 -- found version 6.15.1
[0.848s] -- Found rclcpp: 16.0.12 (/opt/ros/humble/share/rclcpp/cmake)
[0.949s] -- Found Python3: /usr/bin/python3 (found version "3.10.12") found components: Interpreter 
[1.030s] -- Found rosidl_generator_c: 3.1.6 (/opt/ros/humble/share/rosidl_generator_c/cmake)
[1.032s] -- Found rosidl_adapter: 3.1.6 (/opt/ros/humble/share/rosidl_adapter/cmake)
[1.038s] -- Found rosidl_generator_cpp: 3.1.6 (/opt/ros/humble/share/rosidl_generator_cpp/cmake)
[1.046s] -- Using all available rosidl_typesupport_c: rosidl_typesupport_fastrtps_c;rosidl_typesupport_introspection_c
[1.057s] -- Using all available rosidl_typesupport_cpp: rosidl_typesupport_fastrtps_cpp;rosidl_typesupport_introspection_cpp
[1.085s] -- Found rmw_implementation_cmake: 6.1.2 (/opt/ros/humble/share/rmw_implementation_cmake/cmake)
[1.087s] -- Found rmw_fastrtps_cpp: 6.2.7 (/opt/ros/humble/share/rmw_fastrtps_cpp/cmake)
[1.151s] -- Found OpenSSL: /usr/lib/x86_64-linux-gnu/libcrypto.so (found version "3.0.2")  
[1.176s] -- Found FastRTPS: /opt/ros/humble/include  
[1.208s] -- Using RMW implementation 'rmw_fastrtps_cpp' as default
[1.213s] -- Found Threads: TRUE  
[1.244s] -- Configuring done
[1.253s] -- Generating done
[1.253s] [33mCMake Warning:
[1.253s]   Manually-specified variables were not used by the project:
[1.253s] 
[1.253s]     CATKIN_INSTALL_INTO_PREFIX_ROOT
[1.253s] 
[1.254s] [0m
[1.255s] -- Build files have been written to: /home/wolowizard/Morphing-Drone-sim/ROS2_ws/build/sitl_gazebo
[1.263s] Invoked command in '/home/wolowizard/Morphing-Drone-sim/ROS2_ws/build/sitl_gazebo' returned '0': /usr/bin/cmake /home/wolowizard/Morphing-Drone-sim/ROS2_ws/src/sitl_gazebo -DCATKIN_INSTALL_INTO_PREFIX_ROOT=0 -DCMAKE_INSTALL_PREFIX=/home/wolowizard/Morphing-Drone-sim/ROS2_ws/install/sitl_gazebo
[1.264s] Invoking command in '/home/wolowizard/Morphing-Drone-sim/ROS2_ws/build/sitl_gazebo': /usr/bin/cmake --build /home/wolowizard/Morphing-Drone-sim/ROS2_ws/build/sitl_gazebo -- -j8 -l8
[1.298s] [ 50%] [32mBuilding CXX object CMakeFiles/gazebo_motor_model_ros.dir/src/gazebo_motor_model_ros.cpp.o[0m
[13.215s] [100%] [32m[1mLinking CXX shared library libgazebo_motor_model_ros.so[0m
[13.644s] [100%] Built target gazebo_motor_model_ros
[13.655s] Invoked command in '/home/wolowizard/Morphing-Drone-sim/ROS2_ws/build/sitl_gazebo' returned '0': /usr/bin/cmake --build /home/wolowizard/Morphing-Drone-sim/ROS2_ws/build/sitl_gazebo -- -j8 -l8
[13.656s] Invoking command in '/home/wolowizard/Morphing-Drone-sim/ROS2_ws/build/sitl_gazebo': /usr/bin/cmake --install /home/wolowizard/Morphing-Drone-sim/ROS2_ws/build/sitl_gazebo
[13.661s] -- Install configuration: ""
[13.661s] -- Installing: /home/wolowizard/Morphing-Drone-sim/ROS2_ws/install/sitl_gazebo/lib/libgazebo_motor_model_ros.so
[13.666s] -- Set runtime path of "/home/wolowizard/Morphing-Drone-sim/ROS2_ws/install/sitl_gazebo/lib/libgazebo_motor_model_ros.so" to ""
[13.667s] Invoked command in '/home/wolowizard/Morphing-Drone-sim/ROS2_ws/build/sitl_gazebo' returned '0': /usr/bin/cmake --install /home/wolowizard/Morphing-Drone-sim/ROS2_ws/build/sitl_gazebo
